// Jest Snapshot v1, https://goo.gl/fbAQLP

exports[`Pruebas en <GifGridItem /> Debe mostrar <GifGridItem /> correctamente 1`] = `
<div
  className="card animate__animated animate__fadeIn"
>
  <img
    alt="titul"
    src="https://localhost/algo.jpg"
  />
  <div
    className="name"
  >
    <p>
      titul
    </p>
  </div>
</div>
`;
